# Task 3 fix round 2 (Ruling 4) — full build
# host=Rakheens-MacBook-Pro.local date=2026-08-02T15:25:49Z commit=f8fb5cc branch=worktree-release-hardening
# cmd: ./gradlew build

> Task :build-logic:checkKotlinGradlePluginConfigurationErrors SKIPPED
> Task :build-logic:generateExternalPluginSpecBuilders UP-TO-DATE
> Task :build-logic:extractPrecompiledScriptPluginPlugins UP-TO-DATE
> Task :build-logic:compilePluginsBlocks UP-TO-DATE
> Task :build-logic:generatePrecompiledScriptPluginAccessors UP-TO-DATE
> Task :build-logic:generateScriptPluginAdapters UP-TO-DATE

> Task :build-logic:compileKotlin UP-TO-DATE
Kotlin does not yet support 25 JDK target, falling back to Kotlin JVM_24 JVM target

> Task :build-logic:compileJava NO-SOURCE
> Task :build-logic:pluginDescriptors UP-TO-DATE
> Task :build-logic:processResources UP-TO-DATE
> Task :build-logic:classes UP-TO-DATE
> Task :build-logic:jar UP-TO-DATE

> Configure project :maestro-admin
Kotlin does not yet support 25 JDK target, falling back to Kotlin JVM_24 JVM target

> Task :assemble UP-TO-DATE

> Task :verifyModuleTestCoverage
Test-coverage gate: 11 modules with production code, 0 accepted without tests.

> Task :check
> Task :maestro-integration-tests:compileJava NO-SOURCE
> Task :build
> Task :maestro-integration-tests:processResources NO-SOURCE
> Task :maestro-integration-tests:classes UP-TO-DATE
> Task :maestro-lock-valkey:processResources UP-TO-DATE
> Task :maestro-spring-boot-starter:processResources UP-TO-DATE
> Task :maestro-messaging-kafka:processResources UP-TO-DATE
> Task :maestro-admin-client:processResources UP-TO-DATE
> Task :maestro-store-jdbc:processResources NO-SOURCE
> Task :maestro-test:processResources NO-SOURCE
> Task :maestro-lock-postgres:processResources UP-TO-DATE
> Task :maestro-messaging-postgres:processResources UP-TO-DATE
> Task :maestro-integration-tests:jar UP-TO-DATE
> Task :maestro-integration-tests:assemble UP-TO-DATE
> Task :maestro-store-postgres:processResources UP-TO-DATE
> Task :maestro-lock-valkey:sourcesJar UP-TO-DATE
> Task :maestro-core:compileJava UP-TO-DATE
> Task :maestro-core:processResources NO-SOURCE
> Task :maestro-admin-client:sourcesJar UP-TO-DATE
> Task :maestro-integration-tests:processTestResources UP-TO-DATE
> Task :maestro-lock-postgres:sourcesJar UP-TO-DATE
> Task :maestro-spring-boot-starter:sourcesJar UP-TO-DATE
> Task :maestro-core:classes UP-TO-DATE
> Task :maestro-messaging-kafka:sourcesJar UP-TO-DATE
> Task :maestro-admin:processResources UP-TO-DATE
> Task :maestro-lock-valkey:processTestResources NO-SOURCE
> Task :maestro-lock-postgres:processTestResources NO-SOURCE
> Task :maestro-admin:processTestResources NO-SOURCE
> Task :maestro-messaging-kafka:processTestResources NO-SOURCE
> Task :maestro-store-jdbc:sourcesJar UP-TO-DATE
> Task :maestro-messaging-postgres:sourcesJar UP-TO-DATE
> Task :maestro-messaging-postgres:processTestResources NO-SOURCE
> Task :maestro-samples:sample-postgres-only:processResources UP-TO-DATE
> Task :maestro-store-postgres:sourcesJar UP-TO-DATE
> Task :maestro-samples:sample-payment-gateway:processResources UP-TO-DATE
> Task :maestro-samples:sample-postgres-only:processTestResources NO-SOURCE
> Task :maestro-store-postgres:processTestResources NO-SOURCE
> Task :maestro-samples:sample-loan-origination:loan-application-service:processResources UP-TO-DATE
> Task :maestro-samples:sample-payment-gateway:processTestResources NO-SOURCE
> Task :maestro-samples:sample-loan-origination:loan-application-service:processTestResources NO-SOURCE
> Task :maestro-samples:sample-loan-origination:underwriting-service:processResources UP-TO-DATE
> Task :maestro-samples:sample-order-service:processResources UP-TO-DATE
> Task :maestro-samples:sample-loan-origination:verification-gateway-service:processResources UP-TO-DATE
> Task :maestro-samples:sample-loan-origination:underwriting-service:processTestResources NO-SOURCE
> Task :maestro-samples:sample-order-service:processTestResources NO-SOURCE
> Task :maestro-samples:sample-loan-origination:verification-gateway-service:processTestResources NO-SOURCE
> Task :maestro-store-jdbc:compileJava UP-TO-DATE
> Task :maestro-store-jdbc:classes UP-TO-DATE
> Task :maestro-store-jdbc:jar UP-TO-DATE
> Task :maestro-admin-client:compileJava UP-TO-DATE
> Task :maestro-admin-client:classes UP-TO-DATE
> Task :maestro-admin-client:jar UP-TO-DATE
> Task :maestro-test:compileJava UP-TO-DATE
> Task :maestro-test:classes UP-TO-DATE
> Task :maestro-spring-boot-starter:compileJava UP-TO-DATE
> Task :maestro-test:jar UP-TO-DATE
> Task :maestro-spring-boot-starter:classes UP-TO-DATE
> Task :maestro-spring-boot-starter:jar UP-TO-DATE
> Task :maestro-messaging-kafka:compileJava UP-TO-DATE
> Task :maestro-messaging-kafka:classes UP-TO-DATE
> Task :maestro-lock-postgres:compileJava UP-TO-DATE
> Task :maestro-lock-postgres:classes UP-TO-DATE
> Task :maestro-messaging-postgres:compileJava UP-TO-DATE
> Task :maestro-lock-postgres:jar UP-TO-DATE
> Task :maestro-messaging-kafka:jar UP-TO-DATE
> Task :maestro-messaging-postgres:classes UP-TO-DATE
> Task :maestro-store-postgres:compileJava UP-TO-DATE
> Task :maestro-store-postgres:classes UP-TO-DATE
> Task :maestro-messaging-postgres:jar UP-TO-DATE
> Task :maestro-store-postgres:jar UP-TO-DATE
> Task :maestro-lock-valkey:compileJava UP-TO-DATE
> Task :maestro-admin:compileJava UP-TO-DATE
> Task :maestro-admin:classes UP-TO-DATE
> Task :maestro-admin:resolveMainClassName UP-TO-DATE
> Task :maestro-admin:jar UP-TO-DATE
> Task :maestro-admin:compileTestJava UP-TO-DATE
> Task :maestro-admin:testClasses UP-TO-DATE
> Task :maestro-lock-valkey:classes UP-TO-DATE
> Task :maestro-lock-valkey:jar UP-TO-DATE
> Task :maestro-integration-tests:compileTestJava UP-TO-DATE
> Task :maestro-integration-tests:testClasses UP-TO-DATE
> Task :maestro-core:jar
> Task :maestro-admin:bootJar
> Task :maestro-admin:assemble
> Task :maestro-store-postgres:javadoc
> Task :maestro-admin-client:javadoc
> Task :maestro-admin-client:javadocJar UP-TO-DATE
> Task :maestro-admin-client:assemble UP-TO-DATE
> Task :maestro-admin-client:compileTestJava UP-TO-DATE
> Task :maestro-admin-client:processTestResources NO-SOURCE
> Task :maestro-admin-client:testClasses UP-TO-DATE
> Task :maestro-store-jdbc:javadoc
> Task :maestro-lock-postgres:javadoc
> Task :maestro-lock-postgres:javadocJar UP-TO-DATE
> Task :maestro-lock-postgres:assemble UP-TO-DATE
> Task :maestro-lock-postgres:compileTestJava UP-TO-DATE
> Task :maestro-lock-postgres:testClasses UP-TO-DATE
> Task :maestro-lock-valkey:javadoc
> Task :maestro-lock-valkey:javadocJar UP-TO-DATE
> Task :maestro-lock-valkey:assemble UP-TO-DATE
> Task :maestro-test:javadoc
> Task :maestro-lock-valkey:compileTestJava UP-TO-DATE
> Task :maestro-lock-valkey:testClasses UP-TO-DATE
> Task :maestro-store-jdbc:javadocJar UP-TO-DATE
> Task :maestro-store-jdbc:assemble UP-TO-DATE
> Task :maestro-store-jdbc:compileTestJava UP-TO-DATE
> Task :maestro-store-jdbc:processTestResources NO-SOURCE
> Task :maestro-store-jdbc:testClasses UP-TO-DATE
> Task :maestro-messaging-postgres:javadoc
> Task :maestro-messaging-postgres:javadocJar UP-TO-DATE
> Task :maestro-messaging-postgres:assemble UP-TO-DATE
> Task :maestro-messaging-postgres:compileTestJava UP-TO-DATE
> Task :maestro-messaging-postgres:testClasses UP-TO-DATE
> Task :maestro-messaging-kafka:javadoc
> Task :maestro-messaging-kafka:javadocJar UP-TO-DATE
> Task :maestro-messaging-kafka:assemble UP-TO-DATE
> Task :maestro-messaging-kafka:compileTestJava UP-TO-DATE
> Task :maestro-messaging-kafka:testClasses UP-TO-DATE
> Task :maestro-spring-boot-starter:javadoc
> Task :maestro-spring-boot-starter:javadocJar UP-TO-DATE
> Task :maestro-spring-boot-starter:assemble UP-TO-DATE
> Task :maestro-spring-boot-starter:compileTestJava UP-TO-DATE
> Task :maestro-spring-boot-starter:processTestResources NO-SOURCE
> Task :maestro-spring-boot-starter:testClasses UP-TO-DATE
> Task :maestro-store-jdbc:test
> Task :maestro-store-jdbc:check
> Task :maestro-store-jdbc:build
> Task :maestro-store-postgres:javadocJar UP-TO-DATE
> Task :maestro-store-postgres:assemble UP-TO-DATE
> Task :maestro-store-postgres:compileTestJava UP-TO-DATE
> Task :maestro-store-postgres:testClasses UP-TO-DATE

> Task :maestro-integration-tests:test

ChaosControllerInterruptTest > an interrupted controller aborts the schedule loudly before dispatching any action PASSED

ChaosSuiteSelectionTest > a soak invocation must not select the PR gate (25-min @Timeout vs 120-min window) PASSED

ChaosSuiteSelectionTest > the dedicated suites stay opt-in via their system-property flags PASSED

ChaosSuiteSelectionTest > golden / boot-smoke / explicit-mode invocations must not select the PR gate either PASSED

OpenJDK 64-Bit Server VM warning: Sharing is only supported for boot loader classes because bootstrap classpath has been appended

> Task :maestro-admin-client:test
> Task :maestro-admin-client:check
> Task :maestro-admin-client:build
> Task :maestro-test:javadocJar UP-TO-DATE
> Task :maestro-test:sourcesJar UP-TO-DATE
> Task :maestro-test:assemble UP-TO-DATE
> Task :maestro-test:compileTestJava UP-TO-DATE
> Task :maestro-test:processTestResources NO-SOURCE
> Task :maestro-test:testClasses UP-TO-DATE

> Task :maestro-integration-tests:test

InvariantCheckerBlindnessTest > authoritativeVerifyAgainstUnreachableStoreIsAHardFailureNotAPass() PASSED

InvariantCheckerBlindnessTest > periodicChecksStaySoftWhenStoreUnreachable() PASSED

LogTailScannerTest > boundary-checked id match still works on whole lines across polls PASSED

LogTailScannerTest > effect line split across two polls is still matched once complete PASSED

> Task :maestro-core:javadoc
> Task :maestro-core:javadocJar
> Task :maestro-core:sourcesJar
> Task :maestro-core:assemble
> Task :maestro-core:compileTestJava UP-TO-DATE
> Task :maestro-core:processTestResources NO-SOURCE
> Task :maestro-core:testClasses UP-TO-DATE
> Task :maestro-core:test UP-TO-DATE
> Task :maestro-core:check UP-TO-DATE
> Task :maestro-core:build
> Task :maestro-samples:sample-order-service:compileJava UP-TO-DATE
> Task :maestro-samples:sample-order-service:classes UP-TO-DATE
> Task :maestro-samples:sample-order-service:resolveMainClassName UP-TO-DATE
> Task :maestro-samples:sample-order-service:bootJar
> Task :maestro-samples:sample-order-service:jar UP-TO-DATE
> Task :maestro-samples:sample-order-service:assemble
> Task :maestro-samples:sample-order-service:compileTestJava NO-SOURCE
> Task :maestro-samples:sample-order-service:testClasses UP-TO-DATE
> Task :maestro-samples:sample-order-service:test NO-SOURCE
> Task :maestro-samples:sample-order-service:check UP-TO-DATE
> Task :maestro-samples:sample-order-service:build
> Task :maestro-samples:sample-payment-gateway:compileJava UP-TO-DATE
> Task :maestro-samples:sample-payment-gateway:classes UP-TO-DATE
> Task :maestro-samples:sample-payment-gateway:resolveMainClassName UP-TO-DATE
> Task :maestro-samples:sample-payment-gateway:bootJar
> Task :maestro-samples:sample-payment-gateway:jar UP-TO-DATE
> Task :maestro-samples:sample-payment-gateway:assemble
> Task :maestro-samples:sample-payment-gateway:compileTestJava NO-SOURCE
> Task :maestro-samples:sample-payment-gateway:testClasses UP-TO-DATE
> Task :maestro-samples:sample-payment-gateway:test NO-SOURCE
> Task :maestro-samples:sample-payment-gateway:check UP-TO-DATE
> Task :maestro-samples:sample-payment-gateway:build
> Task :maestro-samples:sample-postgres-only:compileJava UP-TO-DATE
> Task :maestro-samples:sample-postgres-only:classes UP-TO-DATE
> Task :maestro-samples:sample-postgres-only:resolveMainClassName UP-TO-DATE
> Task :maestro-test:test
> Task :maestro-test:check
> Task :maestro-test:build
> Task :maestro-samples:sample-loan-origination:loan-application-service:compileJava UP-TO-DATE
> Task :maestro-samples:sample-loan-origination:loan-application-service:classes UP-TO-DATE
> Task :maestro-samples:sample-loan-origination:loan-application-service:resolveMainClassName UP-TO-DATE
> Task :maestro-samples:sample-postgres-only:bootJar
> Task :maestro-samples:sample-postgres-only:jar UP-TO-DATE
> Task :maestro-samples:sample-postgres-only:assemble
> Task :maestro-samples:sample-postgres-only:compileTestJava NO-SOURCE
> Task :maestro-samples:sample-postgres-only:testClasses UP-TO-DATE
> Task :maestro-samples:sample-postgres-only:test NO-SOURCE
> Task :maestro-samples:sample-postgres-only:check UP-TO-DATE
> Task :maestro-samples:sample-postgres-only:build
> Task :maestro-samples:sample-loan-origination:underwriting-service:compileJava UP-TO-DATE
> Task :maestro-samples:sample-loan-origination:underwriting-service:classes UP-TO-DATE
> Task :maestro-samples:sample-loan-origination:underwriting-service:resolveMainClassName UP-TO-DATE
> Task :maestro-samples:sample-loan-origination:loan-application-service:bootJar
> Task :maestro-samples:sample-loan-origination:loan-application-service:jar UP-TO-DATE
> Task :maestro-samples:sample-loan-origination:loan-application-service:assemble
> Task :maestro-samples:sample-loan-origination:loan-application-service:compileTestJava UP-TO-DATE
> Task :maestro-samples:sample-loan-origination:loan-application-service:testClasses UP-TO-DATE
> Task :maestro-samples:sample-loan-origination:underwriting-service:bootJar
> Task :maestro-samples:sample-loan-origination:underwriting-service:jar UP-TO-DATE
> Task :maestro-samples:sample-loan-origination:underwriting-service:assemble
> Task :maestro-samples:sample-loan-origination:underwriting-service:compileTestJava UP-TO-DATE
> Task :maestro-samples:sample-loan-origination:underwriting-service:testClasses UP-TO-DATE

> Task :maestro-integration-tests:test

WorkloadDriverBackPressureTest > normal load never touches the back-pressure accounting PASSED

WorkloadDriverBackPressureTest > a fully back-pressured window is accounted: waits, max wait, blocked time, zero submissions PASSED

> Task :maestro-samples:sample-loan-origination:underwriting-service:test
> Task :maestro-samples:sample-loan-origination:underwriting-service:check
> Task :maestro-samples:sample-loan-origination:underwriting-service:build
> Task :maestro-samples:sample-loan-origination:verification-gateway-service:compileJava UP-TO-DATE
> Task :maestro-samples:sample-loan-origination:verification-gateway-service:classes UP-TO-DATE
> Task :maestro-samples:sample-loan-origination:verification-gateway-service:resolveMainClassName UP-TO-DATE
> Task :maestro-samples:sample-loan-origination:verification-gateway-service:bootJar
> Task :maestro-samples:sample-loan-origination:verification-gateway-service:jar UP-TO-DATE
> Task :maestro-samples:sample-loan-origination:verification-gateway-service:assemble
> Task :maestro-samples:sample-loan-origination:verification-gateway-service:compileTestJava UP-TO-DATE
> Task :maestro-samples:sample-loan-origination:verification-gateway-service:testClasses UP-TO-DATE
> Task :maestro-samples:sample-loan-origination:loan-application-service:test
> Task :maestro-samples:sample-loan-origination:loan-application-service:check
> Task :maestro-samples:sample-loan-origination:loan-application-service:build
> Task :maestro-spring-boot-starter:test
> Task :maestro-spring-boot-starter:check
> Task :maestro-spring-boot-starter:build
> Task :maestro-samples:sample-loan-origination:verification-gateway-service:test
> Task :maestro-samples:sample-loan-origination:verification-gateway-service:check
> Task :maestro-samples:sample-loan-origination:verification-gateway-service:build
> Task :maestro-lock-postgres:test
> Task :maestro-lock-postgres:check
> Task :maestro-lock-postgres:build

> Task :maestro-integration-tests:test

WorkloadDriverBackPressureTest > a throttled benchmark-tail phase is attributed to THAT window, not diluted into totals (R1-2) PASSED

> Task :maestro-lock-valkey:test
> Task :maestro-lock-valkey:check
> Task :maestro-lock-valkey:build

> Task :maestro-integration-tests:test

WorkloadDriverPacingTest > interrupt at T+2s of a 10s/600-per-min window: generated count stays <= 3x budget, abort is prompt PASSED

WorkloadDriverPacingTest > interrupt pending before the first park: generation aborts at seq 0/1 immediately PASSED

OpenJDK 64-Bit Server VM warning: Sharing is only supported for boot loader classes because bootstrap classpath has been appended

> Task :maestro-store-postgres:test
> Task :maestro-store-postgres:check
> Task :maestro-store-postgres:build
OpenJDK 64-Bit Server VM warning: Sharing is only supported for boot loader classes because bootstrap classpath has been appended
2026-08-02T17:26:13.559+02:00  INFO 79231 --- [maestro-admin] [ionShutdownHook] com.zaxxer.hikari.HikariDataSource       : HikariPool-1 - Shutdown initiated...
2026-08-02T17:26:13.560+02:00  INFO 79231 --- [maestro-admin] [ionShutdownHook] com.zaxxer.hikari.HikariDataSource       : HikariPool-1 - Shutdown completed.
2026-08-02T17:26:13.563+02:00  INFO 79231 --- [maestro-admin] [ionShutdownHook] i.b.m.admin.kafka.AdminEventConsumer     : Stopping admin event consumer
2026-08-02T17:26:13.564+02:00  INFO 79231 --- [maestro-admin] [anNameSet-0-C-1] k.c.c.i.ConsumerRebalanceListenerInvoker : [Consumer clientId=consumer-admin-ingestion-group-2, groupId=admin-ingestion-group] Revoke previously assigned partitions [admin-ingestion.events-0]
2026-08-02T17:26:13.564+02:00  INFO 79231 --- [maestro-admin] [anNameSet-0-C-1] s.k.l.ConcurrentMessageListenerContainer : admin-ingestion-group: partitions revoked: [admin-ingestion.events-0]
2026-08-02T17:26:13.564+02:00  INFO 79231 --- [maestro-admin] [anNameSet-0-C-1] o.a.k.c.c.internals.ConsumerCoordinator  : [Consumer clientId=consumer-admin-ingestion-group-2, groupId=admin-ingestion-group] Member consumer-admin-ingestion-group-2-af7a58ab-9d7b-4dcd-ae5e-73f21a8eae2f sending LeaveGroup request to coordinator localhost:54279 (id: 2147483646 rack: null isFenced: false) due to the consumer unsubscribed from all topics
2026-08-02T17:26:13.564+02:00  INFO 79231 --- [maestro-admin] [anNameSet-0-C-1] o.a.k.c.c.internals.ConsumerCoordinator  : [Consumer clientId=consumer-admin-ingestion-group-2, groupId=admin-ingestion-group] Resetting generation and member id due to: consumer pro-actively leaving the group
2026-08-02T17:26:13.564+02:00  INFO 79231 --- [maestro-admin] [anNameSet-0-C-1] o.a.k.c.c.internals.ConsumerCoordinator  : [Consumer clientId=consumer-admin-ingestion-group-2, groupId=admin-ingestion-group] Request joining group due to: consumer pro-actively leaving the group
2026-08-02T17:26:13.564+02:00  INFO 79231 --- [maestro-admin] [anNameSet-0-C-1] o.a.k.c.c.i.ClassicKafkaConsumer         : [Consumer clientId=consumer-admin-ingestion-group-2, groupId=admin-ingestion-group] Unsubscribed all topics or patterns and assigned partitions
2026-08-02T17:26:13.564+02:00  INFO 79231 --- [maestro-admin] [anNameSet-0-C-1] o.a.k.c.c.internals.ConsumerCoordinator  : [Consumer clientId=consumer-admin-ingestion-group-2, groupId=admin-ingestion-group] Resetting generation and member id due to: consumer pro-actively leaving the group
2026-08-02T17:26:13.564+02:00  INFO 79231 --- [maestro-admin] [anNameSet-0-C-1] o.a.k.c.c.internals.ConsumerCoordinator  : [Consumer clientId=consumer-admin-ingestion-group-2, groupId=admin-ingestion-group] Request joining group due to: consumer pro-actively leaving the group
2026-08-02T17:26:13.950+02:00  INFO 79231 --- [maestro-admin] [anNameSet-0-C-1] o.apache.kafka.common.metrics.Metrics    : Metrics scheduler closed
2026-08-02T17:26:13.951+02:00  INFO 79231 --- [maestro-admin] [anNameSet-0-C-1] o.apache.kafka.common.metrics.Metrics    : Closing reporter org.apache.kafka.common.metrics.JmxReporter
2026-08-02T17:26:13.951+02:00  INFO 79231 --- [maestro-admin] [anNameSet-0-C-1] o.apache.kafka.common.metrics.Metrics    : Closing reporter org.apache.kafka.common.telemetry.internals.ClientTelemetryReporter
2026-08-02T17:26:13.951+02:00  INFO 79231 --- [maestro-admin] [anNameSet-0-C-1] o.apache.kafka.common.metrics.Metrics    : Metrics reporters closed
2026-08-02T17:26:13.958+02:00  INFO 79231 --- [maestro-admin] [anNameSet-0-C-1] o.a.kafka.common.utils.AppInfoParser     : App info kafka.consumer for consumer-admin-ingestion-group-2 unregistered
2026-08-02T17:26:13.959+02:00  INFO 79231 --- [maestro-admin] [anNameSet-0-C-1] o.s.k.l.KafkaMessageListenerContainer    : admin-ingestion-group: Consumer stopped
2026-08-02T17:26:13.959+02:00  INFO 79231 --- [maestro-admin] [ionShutdownHook] i.b.m.admin.kafka.AdminEventConsumer     : Admin event consumer stopped
2026-08-02T17:26:13.961+02:00  INFO 79231 --- [maestro-admin] [ionShutdownHook] com.zaxxer.hikari.HikariDataSource       : HikariPool-2 - Shutdown initiated...
2026-08-02T17:26:13.964+02:00  INFO 79231 --- [maestro-admin] [ionShutdownHook] com.zaxxer.hikari.HikariDataSource       : HikariPool-2 - Shutdown completed.
> Task :maestro-admin:test
> Task :maestro-admin:check
> Task :maestro-admin:build

> Task :maestro-integration-tests:test

The engine runs a workflow lifecycle end to end against Postgres > a workflow whose activity exhausts its retries is persisted as FAILED with an error payload PASSED

The engine runs a workflow lifecycle end to end against Postgres > the instance row's event sequence and version march with the run PASSED

The engine runs a workflow lifecycle end to end against Postgres > a completed run leaves no instance lock behind PASSED

The engine runs a workflow lifecycle end to end against Postgres > starting a second workflow with an existing ID is rejected by the store constraint PASSED

The engine runs a workflow lifecycle end to end against Postgres > a completed chain persists one event per activity plus a completion event PASSED

Memoization replays stored activity results from Postgres > a completed activity with a stored result is not re-executed on replay PASSED

Memoization replays stored activity results from Postgres > a stored activity failure is replayed as a failure rather than retried PASSED

Memoization replays stored activity results from Postgres > replaying a run twice is stable — the second replay changes nothing PASSED

The optimistic-lock version convention holds against real Postgres > the loser of a concurrent update sees an OptimisticLockException and writes nothing PASSED

The optimistic-lock version convention holds against real Postgres > updating an instance that does not exist is a not-found error, not a version conflict PASSED

The optimistic-lock version convention holds against real Postgres > an update whose version is the stored version plus one is persisted PASSED

The optimistic-lock version convention holds against real Postgres > a full engine run against Postgres completes, so every engine write obeys the convention PASSED

The optimistic-lock version convention holds against real Postgres > an update that forgets to pre-increment the version is rejected — the BUG1 shape PASSED

Parallel branches partition the sequence space in Postgres > the fork point records how many branches were forked PASSED

Parallel branches partition the sequence space in Postgres > replay after a crash re-runs only the branch that never finished PASSED

Parallel branches partition the sequence space in Postgres > each branch persists its events in its own sequence block PASSED

A second engine process recovers a workflow abandoned mid-flight > recover() replays completed steps and resumes at the first uncompleted step PASSED

A second engine process recovers a workflow abandoned mid-flight > the recovery poller adopts an abandoned workflow without an explicit recover() call PASSED

A second engine process recovers a workflow abandoned mid-flight > recovery is a no-op when no workflow was left in an active state PASSED

> Task :maestro-messaging-kafka:test
> Task :maestro-messaging-kafka:check
> Task :maestro-messaging-kafka:build

> Task :maestro-integration-tests:test

A second engine process recovers a workflow abandoned mid-flight > recovery does not launch a second copy of a workflow already running on this node PASSED

Saga compensation against a real Postgres store > a saga whose third step fails compensates the first two in LIFO order and lands in FAILED PASSED

Saga compensation against a real Postgres store > a saga that never fails completes and runs no compensation at all PASSED

Engine signal handling against a real Postgres store > a workflow parked on awaitSignal wakes and completes when a signal is delivered PASSED

Engine signal handling against a real Postgres store > an await that times out fails the workflow with SignalTimeoutException PASSED

> Task :maestro-messaging-postgres:test
> Task :maestro-messaging-postgres:check
> Task :maestro-messaging-postgres:build

> Task :maestro-integration-tests:test

Engine signal handling against a real Postgres store > collectSignals takes the first N signals in received-at order and leaves the rest unconsumed PASSED

Engine signal handling against a real Postgres store > losing the consume CAS to a concurrent consumer still completes the workflow from the memoized event PASSED

Engine signal handling against a real Postgres store > a signal that arrives before the await point is consumed without parking PASSED

Engine signal handling against a real Postgres store > a signal delivered before the workflow exists is adopted when the instance is created PASSED

Durable timers against a real Postgres store > a timer cancelled before its TIMER_CANCELLED event was appended is healed by recovery (Issue 13) PASSED

Durable timers against a real Postgres store > a timer scheduled by one executor is fired and completed by a second executor over the same store PASSED

Durable timers against a real Postgres store > sleep persists a pending timer row and parks the workflow in WAITING_TIMER PASSED

Durable timers against a real Postgres store > cancelTimer on an already-fired timer is a false no-op (R1) and does not disturb completion PASSED

Durable timers against a real Postgres store > the timer poller fires a due timer read from Postgres and resumes the workflow PASSED

Durable timers against a real Postgres store > cancelling a timer a workflow is parked on unparks it; uncaught it fails the workflow (Issue 13) PASSED

Durable timers against a real Postgres store > markTimerFired is a compare-and-set: only the first caller wins PASSED

Durable timers against a real Postgres store > a caught TimerCancelledException lets the workflow complete via a fallback branch (Issue 13) PASSED

Durable timers against a real Postgres store > a timer marked FIRED before its TIMER_FIRED event was appended is healed by recovery PASSED

$maestro:retry / $maestro:terminate over real Kafka > $maestro:bogus is dead-lettered after the attempt budget, and a subsequent valid command still processes PASSED

$maestro:retry / $maestro:terminate over real Kafka > a workflow parked on awaitSignal is TERMINATED by $maestro:terminate, and WORKFLOW_TERMINATED is observed on the admin events topic PASSED

$maestro:retry / $maestro:terminate over real Kafka > a FAILED workflow reaches COMPLETED after $maestro:retry, once the fault is fixed PASSED

$maestro:retry / $maestro:terminate over real Kafka > after retry and terminate commands flow, no $maestro:* row was ever persisted as a WorkflowSignal, and getUnconsumedSignals stays empty PASSED

A failing signal handler must not lose the signal > a transient handler failure is redelivered until it succeeds, and the workflow completes PASSED

A failing signal handler must not lose the signal > a persistently failing @MaestroSignalListener record is dead-lettered, not dropped PASSED

A failing signal handler must not lose the signal > the engine signal channel dead-letters a record it can never process PASSED

A failing signal handler must not lose the signal > the engine signal channel redelivers when the handler throws PASSED

A duplicated Kafka event runs the workflow exactly once > the same event delivered twice is consumed once and leaves one surplus row PASSED

A duplicated Kafka event runs the workflow exactly once > duplicates that arrive before the workflow exists are both adopted and one is consumed PASSED

A missing admin-events topic costs no meaningful workflow-thread time > startWorkflow returns promptly even though the admin-events topic does not exist PASSED

The engine publishes workflow lifecycle events to the admin topic > a failing workflow emits WORKFLOW_FAILED after its start event PASSED

The engine publishes workflow lifecycle events to the admin topic > maestro.messaging.topics.admin-events names the topic the adapter publishes to PASSED

The engine publishes workflow lifecycle events to the admin topic > a completed workflow emits WORKFLOW_STARTED then WORKFLOW_COMPLETED, keyed by workflow ID PASSED

The maestro.signals.{service} channel delivers signals into running workflows > an admin command on the channel actually terminates the workflow, and is never persisted as a signal row PASSED

The maestro.signals.{service} channel delivers signals into running workflows > a SignalMessage published to the channel wakes a parked workflow and completes it PASSED

A Kafka event routed by @MaestroSignalListener wakes a parked workflow > an event published while the workflow is parked wakes it and completes it PASSED

A Kafka event routed by @MaestroSignalListener wakes a parked workflow > an event routed before the workflow exists is persisted as an orphan and adopted on start PASSED

The per-instance lock stops a second node from running a workflow that is already live > a second node's recovery pass does not launch a workflow the first node is running PASSED

The per-instance lock stops a second node from running a workflow that is already live > when both nodes recover an ownerless workflow at once, exactly one of them adopts it PASSED

The per-instance lock stops a second node from running a workflow that is already live > the instance lock is held for the whole run and released when the workflow completes PASSED

The per-instance lock stops a second node from running a workflow that is already live > a second node starting the same workflow ID is rejected by the store, not silently duplicated PASSED

With no lock backend two nodes both run the workflow, and only the store's unique index keeps them consistent > node B adopts a workflow node A is still running: the in-flight step runs twice, and node A's result is discarded in favour of node B's PASSED

With no lock backend two nodes both run the workflow, and only the store's unique index keeps them consistent > both nodes adopt the same ownerless workflow, and the store still yields one event per sequence and one output PASSED

A node that dies holding the instance lock hands its workflow over when the TTL expires > the dead owner's lock row is left behind un-released and is freed only by TTL expiry PASSED

A node that dies holding the instance lock hands its workflow over when the TTL expires > no node adopts the workflow while the dead owner's lock has not yet expired PASSED

A node that dies holding the instance lock hands its workflow over when the TTL expires > node B adopts the abandoned workflow after the TTL and resumes at the first uncompleted step PASSED

A signal ingested on one node reaches a workflow parked on another > a signal delivered on node B wakes the workflow parked on node A, which resumes it PASSED

A signal ingested on one node reaches a workflow parked on another > a signal delivered on node B before the workflow exists is adopted when node A starts it PASSED

A signal ingested on one node reaches a workflow parked on another > a run of signals delivered on node B is collected on node A in receipt order PASSED

A timer fired or cancelled on one node wakes a workflow sleeping on another > a timer cancelled on node B wakes the workflow sleeping on node A with the cancelled outcome PASSED

A timer fired or cancelled on one node wakes a workflow sleeping on another > a timer fired by node B's poller wakes the workflow sleeping on node A PASSED

Maestro Flyway migrations coexist on one database > no two migrations declare the same version PASSED

Maestro Flyway migrations coexist on one database > store + lock + messaging migrations apply cleanly to one schema PASSED

Graceful shutdown leaves parked workflows recoverable, never failed > a workflow parked on sleep stays WAITING_TIMER with its timer still pending PASSED

Graceful shutdown leaves parked workflows recoverable, never failed > shutdown releases the instance lock of a parked workflow instead of leaving it to the TTL PASSED

Graceful shutdown leaves parked workflows recoverable, never failed > a workflow parked on awaitSignal stays WAITING_SIGNAL and stays recoverable PASSED

Graceful shutdown leaves parked workflows recoverable, never failed > shutdown mid-compensation leaves the workflow recoverable with no step recorded failed, and a fresh node completes the compensation PASSED

Graceful shutdown leaves parked workflows recoverable, never failed > a saga parked after committing compensable work is not compensated by shutdown PASSED

Graceful shutdown leaves parked workflows recoverable, never failed > shutdown blocks until an in-flight activity drains, then records its result PASSED

Graceful shutdown leaves parked workflows recoverable, never failed > a node started after the shutdown recovers the parked workflow and completes it PASSED

Engine harness drives the real engine against Postgres > an activity chain completes and persists its events to Postgres PASSED

2026-08-02T17:27:28.382+02:00  INFO 79234 --- [ionShutdownHook] i.b.m.core.engine.WorkflowExecutor       : Shutdown already in progress
2026-08-02T17:27:28.382+02:00  INFO 79234 --- [ionShutdownHook] i.b.m.m.kafka.KafkaWorkflowMessaging     : Stopping 1 Kafka listener container(s)
2026-08-02T17:27:28.382+02:00  INFO 79234 --- [anNameSet-0-C-1] k.c.c.i.ConsumerRebalanceListenerInvoker : [Consumer clientId=consumer-maestro-kafka-admin-cmd-1, groupId=maestro-kafka-admin-cmd] Revoke previously assigned partitions [maestro.signals.kafka-admin-cmd-0]
2026-08-02T17:27:28.382+02:00  INFO 79234 --- [anNameSet-0-C-1] s.k.l.ConcurrentMessageListenerContainer : maestro-kafka-admin-cmd: partitions revoked: [maestro.signals.kafka-admin-cmd-0]
2026-08-02T17:27:28.382+02:00  INFO 79234 --- [anNameSet-0-C-1] o.a.k.c.c.internals.ConsumerCoordinator  : [Consumer clientId=consumer-maestro-kafka-admin-cmd-1, groupId=maestro-kafka-admin-cmd] Member consumer-maestro-kafka-admin-cmd-1-3b0fc607-f924-43d6-9bf5-64be994241ba sending LeaveGroup request to coordinator localhost:56049 (id: 2147483646 rack: null isFenced: false) due to the consumer unsubscribed from all topics
2026-08-02T17:27:28.382+02:00  INFO 79234 --- [anNameSet-0-C-1] o.a.k.c.c.internals.ConsumerCoordinator  : [Consumer clientId=consumer-maestro-kafka-admin-cmd-1, groupId=maestro-kafka-admin-cmd] Resetting generation and member id due to: consumer pro-actively leaving the group
2026-08-02T17:27:28.382+02:00  INFO 79234 --- [anNameSet-0-C-1] o.a.k.c.c.internals.ConsumerCoordinator  : [Consumer clientId=consumer-maestro-kafka-admin-cmd-1, groupId=maestro-kafka-admin-cmd] Request joining group due to: consumer pro-actively leaving the group
2026-08-02T17:27:28.382+02:00  INFO 79234 --- [anNameSet-0-C-1] o.a.k.c.c.i.ClassicKafkaConsumer         : [Consumer clientId=consumer-maestro-kafka-admin-cmd-1, groupId=maestro-kafka-admin-cmd] Unsubscribed all topics or patterns and assigned partitions
2026-08-02T17:27:28.382+02:00  INFO 79234 --- [anNameSet-0-C-1] o.a.k.c.c.internals.ConsumerCoordinator  : [Consumer clientId=consumer-maestro-kafka-admin-cmd-1, groupId=maestro-kafka-admin-cmd] Resetting generation and member id due to: consumer pro-actively leaving the group
2026-08-02T17:27:28.382+02:00  INFO 79234 --- [anNameSet-0-C-1] o.a.k.c.c.internals.ConsumerCoordinator  : [Consumer clientId=consumer-maestro-kafka-admin-cmd-1, groupId=maestro-kafka-admin-cmd] Request joining group due to: consumer pro-actively leaving the group
2026-08-02T17:27:28.595+02:00  INFO 79234 --- [anNameSet-0-C-1] o.apache.kafka.common.metrics.Metrics    : Metrics scheduler closed
2026-08-02T17:27:28.595+02:00  INFO 79234 --- [anNameSet-0-C-1] o.apache.kafka.common.metrics.Metrics    : Closing reporter org.apache.kafka.common.metrics.JmxReporter
2026-08-02T17:27:28.595+02:00  INFO 79234 --- [anNameSet-0-C-1] o.apache.kafka.common.metrics.Metrics    : Closing reporter org.apache.kafka.common.telemetry.internals.ClientTelemetryReporter
2026-08-02T17:27:28.595+02:00  INFO 79234 --- [anNameSet-0-C-1] o.apache.kafka.common.metrics.Metrics    : Metrics reporters closed
2026-08-02T17:27:28.596+02:00  INFO 79234 --- [anNameSet-0-C-1] o.a.kafka.common.utils.AppInfoParser     : App info kafka.consumer for consumer-maestro-kafka-admin-cmd-1 unregistered
2026-08-02T17:27:28.596+02:00  INFO 79234 --- [anNameSet-0-C-1] o.s.k.l.KafkaMessageListenerContainer    : maestro-kafka-admin-cmd: Consumer stopped
2026-08-02T17:27:28.597+02:00  INFO 79234 --- [ionShutdownHook] com.zaxxer.hikari.HikariDataSource       : HikariPool-1 - Shutdown initiated...
2026-08-02T17:27:28.598+02:00  INFO 79234 --- [ionShutdownHook] com.zaxxer.hikari.HikariDataSource       : HikariPool-1 - Shutdown completed.
2026-08-02T17:27:28.599+02:00  INFO 79234 --- [ionShutdownHook] l.MaestroSignalListenerBeanPostProcessor : Stopping 0 @MaestroSignalListener container(s)
2026-08-02T17:27:28.601+02:00  INFO 79234 --- [ionShutdownHook] i.b.m.core.engine.WorkflowExecutor       : Shutdown already in progress
2026-08-02T17:27:28.601+02:00  INFO 79234 --- [ionShutdownHook] i.b.m.m.kafka.KafkaWorkflowMessaging     : Stopping 1 Kafka listener container(s)
2026-08-02T17:27:28.601+02:00  INFO 79234 --- [anNameSet-0-C-1] k.c.c.i.ConsumerRebalanceListenerInvoker : [Consumer clientId=consumer-maestro-kafka-ack-5, groupId=maestro-kafka-ack] Revoke previously assigned partitions [maestro.signals.kafka-ack-0]
2026-08-02T17:27:28.602+02:00  INFO 79234 --- [anNameSet-0-C-1] s.k.l.ConcurrentMessageListenerContainer : maestro-kafka-ack: partitions revoked: [maestro.signals.kafka-ack-0]
2026-08-02T17:27:28.602+02:00  INFO 79234 --- [anNameSet-0-C-1] o.a.k.c.c.internals.ConsumerCoordinator  : [Consumer clientId=consumer-maestro-kafka-ack-5, groupId=maestro-kafka-ack] Member consumer-maestro-kafka-ack-5-37379ae6-b796-4f0f-9658-4324aea75e89 sending LeaveGroup request to coordinator localhost:56049 (id: 2147483646 rack: null isFenced: false) due to the consumer unsubscribed from all topics
2026-08-02T17:27:28.602+02:00  INFO 79234 --- [anNameSet-0-C-1] o.a.k.c.c.internals.ConsumerCoordinator  : [Consumer clientId=consumer-maestro-kafka-ack-5, groupId=maestro-kafka-ack] Resetting generation and member id due to: consumer pro-actively leaving the group
2026-08-02T17:27:28.602+02:00  INFO 79234 --- [anNameSet-0-C-1] o.a.k.c.c.internals.ConsumerCoordinator  : [Consumer clientId=consumer-maestro-kafka-ack-5, groupId=maestro-kafka-ack] Request joining group due to: consumer pro-actively leaving the group
2026-08-02T17:27:28.602+02:00  INFO 79234 --- [anNameSet-0-C-1] o.a.k.c.c.i.ClassicKafkaConsumer         : [Consumer clientId=consumer-maestro-kafka-ack-5, groupId=maestro-kafka-ack] Unsubscribed all topics or patterns and assigned partitions
2026-08-02T17:27:28.602+02:00  INFO 79234 --- [anNameSet-0-C-1] o.a.k.c.c.internals.ConsumerCoordinator  : [Consumer clientId=consumer-maestro-kafka-ack-5, groupId=maestro-kafka-ack] Resetting generation and member id due to: consumer pro-actively leaving the group
2026-08-02T17:27:28.602+02:00  INFO 79234 --- [anNameSet-0-C-1] o.a.k.c.c.internals.ConsumerCoordinator  : [Consumer clientId=consumer-maestro-kafka-ack-5, groupId=maestro-kafka-ack] Request joining group due to: consumer pro-actively leaving the group
2026-08-02T17:27:28.852+02:00  INFO 79234 --- [anNameSet-0-C-1] o.apache.kafka.common.metrics.Metrics    : Metrics scheduler closed
2026-08-02T17:27:28.852+02:00  INFO 79234 --- [anNameSet-0-C-1] o.apache.kafka.common.metrics.Metrics    : Closing reporter org.apache.kafka.common.metrics.JmxReporter
2026-08-02T17:27:28.852+02:00  INFO 79234 --- [anNameSet-0-C-1] o.apache.kafka.common.metrics.Metrics    : Closing reporter org.apache.kafka.common.telemetry.internals.ClientTelemetryReporter
2026-08-02T17:27:28.852+02:00  INFO 79234 --- [anNameSet-0-C-1] o.apache.kafka.common.metrics.Metrics    : Metrics reporters closed
2026-08-02T17:27:28.853+02:00  INFO 79234 --- [anNameSet-0-C-1] o.a.kafka.common.utils.AppInfoParser     : App info kafka.consumer for consumer-maestro-kafka-ack-5 unregistered
2026-08-02T17:27:28.853+02:00  INFO 79234 --- [anNameSet-0-C-1] o.s.k.l.KafkaMessageListenerContainer    : maestro-kafka-ack: Consumer stopped
2026-08-02T17:27:28.854+02:00  INFO 79234 --- [ionShutdownHook] com.zaxxer.hikari.HikariDataSource       : HikariPool-2 - Shutdown initiated...
2026-08-02T17:27:28.855+02:00  INFO 79234 --- [ionShutdownHook] com.zaxxer.hikari.HikariDataSource       : HikariPool-2 - Shutdown completed.
2026-08-02T17:27:28.855+02:00  INFO 79234 --- [ionShutdownHook] l.MaestroSignalListenerBeanPostProcessor : Stopping 1 @MaestroSignalListener container(s)
2026-08-02T17:27:28.855+02:00  INFO 79234 --- [anNameSet-0-C-1] k.c.c.i.ConsumerRebalanceListenerInvoker : [Consumer clientId=consumer-maestro-kafka-ack-4, groupId=maestro-kafka-ack] Revoke previously assigned partitions [it.ack.approvals-0]
2026-08-02T17:27:28.855+02:00  INFO 79234 --- [anNameSet-0-C-1] s.k.l.ConcurrentMessageListenerContainer : maestro-kafka-ack: partitions revoked: [it.ack.approvals-0]
2026-08-02T17:27:28.855+02:00  INFO 79234 --- [anNameSet-0-C-1] o.a.k.c.c.internals.ConsumerCoordinator  : [Consumer clientId=consumer-maestro-kafka-ack-4, groupId=maestro-kafka-ack] Member consumer-maestro-kafka-ack-4-12b2ecbe-a405-42d3-977f-0183aa7e4878 sending LeaveGroup request to coordinator localhost:56049 (id: 2147483646 rack: null isFenced: false) due to the consumer unsubscribed from all topics
2026-08-02T17:27:28.856+02:00  INFO 79234 --- [anNameSet-0-C-1] o.a.k.c.c.internals.ConsumerCoordinator  : [Consumer clientId=consumer-maestro-kafka-ack-4, groupId=maestro-kafka-ack] Resetting generation and member id due to: consumer pro-actively leaving the group
2026-08-02T17:27:28.856+02:00  INFO 79234 --- [anNameSet-0-C-1] o.a.k.c.c.internals.ConsumerCoordinator  : [Consumer clientId=consumer-maestro-kafka-ack-4, groupId=maestro-kafka-ack] Request joining group due to: consumer pro-actively leaving the group
2026-08-02T17:27:28.856+02:00  INFO 79234 --- [anNameSet-0-C-1] o.a.k.c.c.i.ClassicKafkaConsumer         : [Consumer clientId=consumer-maestro-kafka-ack-4, groupId=maestro-kafka-ack] Unsubscribed all topics or patterns and assigned partitions
2026-08-02T17:27:28.856+02:00  INFO 79234 --- [anNameSet-0-C-1] o.a.k.c.c.internals.ConsumerCoordinator  : [Consumer clientId=consumer-maestro-kafka-ack-4, groupId=maestro-kafka-ack] Resetting generation and member id due to: consumer pro-actively leaving the group
2026-08-02T17:27:28.856+02:00  INFO 79234 --- [anNameSet-0-C-1] o.a.k.c.c.internals.ConsumerCoordinator  : [Consumer clientId=consumer-maestro-kafka-ack-4, groupId=maestro-kafka-ack] Request joining group due to: consumer pro-actively leaving the group
2026-08-02T17:27:29.365+02:00  INFO 79234 --- [anNameSet-0-C-1] o.apache.kafka.common.metrics.Metrics    : Metrics scheduler closed
2026-08-02T17:27:29.365+02:00  INFO 79234 --- [anNameSet-0-C-1] o.apache.kafka.common.metrics.Metrics    : Closing reporter org.apache.kafka.common.metrics.JmxReporter
2026-08-02T17:27:29.365+02:00  INFO 79234 --- [anNameSet-0-C-1] o.apache.kafka.common.metrics.Metrics    : Closing reporter org.apache.kafka.common.telemetry.internals.ClientTelemetryReporter
2026-08-02T17:27:29.365+02:00  INFO 79234 --- [anNameSet-0-C-1] o.apache.kafka.common.metrics.Metrics    : Metrics reporters closed
2026-08-02T17:27:29.367+02:00  INFO 79234 --- [anNameSet-0-C-1] o.a.kafka.common.utils.AppInfoParser     : App info kafka.consumer for consumer-maestro-kafka-ack-4 unregistered
2026-08-02T17:27:29.367+02:00  INFO 79234 --- [anNameSet-0-C-1] o.s.k.l.KafkaMessageListenerContainer    : maestro-kafka-ack: Consumer stopped
2026-08-02T17:27:29.368+02:00  INFO 79234 --- [ionShutdownHook] i.b.m.core.engine.WorkflowExecutor       : Shutdown already in progress
2026-08-02T17:27:29.368+02:00  INFO 79234 --- [ionShutdownHook] i.b.m.m.kafka.KafkaWorkflowMessaging     : Stopping 1 Kafka listener container(s)
2026-08-02T17:27:29.369+02:00  INFO 79234 --- [anNameSet-0-C-1] k.c.c.i.ConsumerRebalanceListenerInvoker : [Consumer clientId=consumer-maestro-kafka-duplicate-11, groupId=maestro-kafka-duplicate] Revoke previously assigned partitions [maestro.signals.kafka-duplicate-0]
2026-08-02T17:27:29.369+02:00  INFO 79234 --- [anNameSet-0-C-1] s.k.l.ConcurrentMessageListenerContainer : maestro-kafka-duplicate: partitions revoked: [maestro.signals.kafka-duplicate-0]
2026-08-02T17:27:29.369+02:00  INFO 79234 --- [anNameSet-0-C-1] o.a.k.c.c.internals.ConsumerCoordinator  : [Consumer clientId=consumer-maestro-kafka-duplicate-11, groupId=maestro-kafka-duplicate] Member consumer-maestro-kafka-duplicate-11-a69c19c5-bb16-4e74-976c-853390b1b055 sending LeaveGroup request to coordinator localhost:56049 (id: 2147483646 rack: null isFenced: false) due to the consumer unsubscribed from all topics
2026-08-02T17:27:29.369+02:00  INFO 79234 --- [anNameSet-0-C-1] o.a.k.c.c.internals.ConsumerCoordinator  : [Consumer clientId=consumer-maestro-kafka-duplicate-11, groupId=maestro-kafka-duplicate] Resetting generation and member id due to: consumer pro-actively leaving the group
2026-08-02T17:27:29.369+02:00  INFO 79234 --- [anNameSet-0-C-1] o.a.k.c.c.internals.ConsumerCoordinator  : [Consumer clientId=consumer-maestro-kafka-duplicate-11, groupId=maestro-kafka-duplicate] Request joining group due to: consumer pro-actively leaving the group
2026-08-02T17:27:29.369+02:00  INFO 79234 --- [anNameSet-0-C-1] o.a.k.c.c.i.ClassicKafkaConsumer         : [Consumer clientId=consumer-maestro-kafka-duplicate-11, groupId=maestro-kafka-duplicate] Unsubscribed all topics or patterns and assigned partitions
2026-08-02T17:27:29.369+02:00  INFO 79234 --- [anNameSet-0-C-1] o.a.k.c.c.internals.ConsumerCoordinator  : [Consumer clientId=consumer-maestro-kafka-duplicate-11, groupId=maestro-kafka-duplicate] Resetting generation and member id due to: consumer pro-actively leaving the group
2026-08-02T17:27:29.369+02:00  INFO 79234 --- [anNameSet-0-C-1] o.a.k.c.c.internals.ConsumerCoordinator  : [Consumer clientId=consumer-maestro-kafka-duplicate-11, groupId=maestro-kafka-duplicate] Request joining group due to: consumer pro-actively leaving the group
2026-08-02T17:27:29.701+02:00  INFO 79234 --- [anNameSet-0-C-1] o.apache.kafka.common.metrics.Metrics    : Metrics scheduler closed
2026-08-02T17:27:29.701+02:00  INFO 79234 --- [anNameSet-0-C-1] o.apache.kafka.common.metrics.Metrics    : Closing reporter org.apache.kafka.common.metrics.JmxReporter
2026-08-02T17:27:29.702+02:00  INFO 79234 --- [anNameSet-0-C-1] o.apache.kafka.common.metrics.Metrics    : Closing reporter org.apache.kafka.common.telemetry.internals.ClientTelemetryReporter
2026-08-02T17:27:29.702+02:00  INFO 79234 --- [anNameSet-0-C-1] o.apache.kafka.common.metrics.Metrics    : Metrics reporters closed
2026-08-02T17:27:29.703+02:00  INFO 79234 --- [anNameSet-0-C-1] o.a.kafka.common.utils.AppInfoParser     : App info kafka.consumer for consumer-maestro-kafka-duplicate-11 unregistered
2026-08-02T17:27:29.703+02:00  INFO 79234 --- [anNameSet-0-C-1] o.s.k.l.KafkaMessageListenerContainer    : maestro-kafka-duplicate: Consumer stopped
2026-08-02T17:27:29.703+02:00  INFO 79234 --- [ionShutdownHook] com.zaxxer.hikari.HikariDataSource       : HikariPool-3 - Shutdown initiated...
2026-08-02T17:27:29.704+02:00  INFO 79234 --- [ionShutdownHook] com.zaxxer.hikari.HikariDataSource       : HikariPool-3 - Shutdown completed.
2026-08-02T17:27:29.704+02:00  INFO 79234 --- [ionShutdownHook] l.MaestroSignalListenerBeanPostProcessor : Stopping 1 @MaestroSignalListener container(s)
2026-08-02T17:27:29.704+02:00  INFO 79234 --- [anNameSet-0-C-1] k.c.c.i.ConsumerRebalanceListenerInvoker : [Consumer clientId=consumer-maestro-kafka-duplicate-10, groupId=maestro-kafka-duplicate] Revoke previously assigned partitions [it.duplicate.approvals-0]
2026-08-02T17:27:29.704+02:00  INFO 79234 --- [anNameSet-0-C-1] s.k.l.ConcurrentMessageListenerContainer : maestro-kafka-duplicate: partitions revoked: [it.duplicate.approvals-0]
2026-08-02T17:27:29.704+02:00  INFO 79234 --- [anNameSet-0-C-1] o.a.k.c.c.internals.ConsumerCoordinator  : [Consumer clientId=consumer-maestro-kafka-duplicate-10, groupId=maestro-kafka-duplicate] Member consumer-maestro-kafka-duplicate-10-e775bdc5-ba41-456b-871d-c2369551c6e1 sending LeaveGroup request to coordinator localhost:56049 (id: 2147483646 rack: null isFenced: false) due to the consumer unsubscribed from all topics
2026-08-02T17:27:29.705+02:00  INFO 79234 --- [anNameSet-0-C-1] o.a.k.c.c.internals.ConsumerCoordinator  : [Consumer clientId=consumer-maestro-kafka-duplicate-10, groupId=maestro-kafka-duplicate] Resetting generation and member id due to: consumer pro-actively leaving the group
2026-08-02T17:27:29.705+02:00  INFO 79234 --- [anNameSet-0-C-1] o.a.k.c.c.internals.ConsumerCoordinator  : [Consumer clientId=consumer-maestro-kafka-duplicate-10, groupId=maestro-kafka-duplicate] Request joining group due to: consumer pro-actively leaving the group
2026-08-02T17:27:29.705+02:00  INFO 79234 --- [anNameSet-0-C-1] o.a.k.c.c.i.ClassicKafkaConsumer         : [Consumer clientId=consumer-maestro-kafka-duplicate-10, groupId=maestro-kafka-duplicate] Unsubscribed all topics or patterns and assigned partitions
2026-08-02T17:27:29.705+02:00  INFO 79234 --- [anNameSet-0-C-1] o.a.k.c.c.internals.ConsumerCoordinator  : [Consumer clientId=consumer-maestro-kafka-duplicate-10, groupId=maestro-kafka-duplicate] Resetting generation and member id due to: consumer pro-actively leaving the group
2026-08-02T17:27:29.705+02:00  INFO 79234 --- [anNameSet-0-C-1] o.a.k.c.c.internals.ConsumerCoordinator  : [Consumer clientId=consumer-maestro-kafka-duplicate-10, groupId=maestro-kafka-duplicate] Request joining group due to: consumer pro-actively leaving the group
2026-08-02T17:27:30.206+02:00  INFO 79234 --- [anNameSet-0-C-1] o.apache.kafka.common.metrics.Metrics    : Metrics scheduler closed
2026-08-02T17:27:30.206+02:00  INFO 79234 --- [anNameSet-0-C-1] o.apache.kafka.common.metrics.Metrics    : Closing reporter org.apache.kafka.common.metrics.JmxReporter
2026-08-02T17:27:30.206+02:00  INFO 79234 --- [anNameSet-0-C-1] o.apache.kafka.common.metrics.Metrics    : Closing reporter org.apache.kafka.common.telemetry.internals.ClientTelemetryReporter
2026-08-02T17:27:30.206+02:00  INFO 79234 --- [anNameSet-0-C-1] o.apache.kafka.common.metrics.Metrics    : Metrics reporters closed
2026-08-02T17:27:30.207+02:00  INFO 79234 --- [anNameSet-0-C-1] o.a.kafka.common.utils.AppInfoParser     : App info kafka.consumer for consumer-maestro-kafka-duplicate-10 unregistered
2026-08-02T17:27:30.207+02:00  INFO 79234 --- [anNameSet-0-C-1] o.s.k.l.KafkaMessageListenerContainer    : maestro-kafka-duplicate: Consumer stopped
2026-08-02T17:27:30.208+02:00  INFO 79234 --- [ionShutdownHook] i.b.m.core.engine.WorkflowExecutor       : Shutdown already in progress
2026-08-02T17:27:30.208+02:00  INFO 79234 --- [ionShutdownHook] i.b.m.m.kafka.KafkaWorkflowMessaging     : Stopping 1 Kafka listener container(s)
2026-08-02T17:27:30.209+02:00  INFO 79234 --- [anNameSet-0-C-1] k.c.c.i.ConsumerRebalanceListenerInvoker : [Consumer clientId=consumer-maestro-kafka-lifecycle-13, groupId=maestro-kafka-lifecycle] Revoke previously assigned partitions [maestro.signals.kafka-lifecycle-0]
2026-08-02T17:27:30.209+02:00  INFO 79234 --- [anNameSet-0-C-1] s.k.l.ConcurrentMessageListenerContainer : maestro-kafka-lifecycle: partitions revoked: [maestro.signals.kafka-lifecycle-0]
2026-08-02T17:27:30.209+02:00  INFO 79234 --- [anNameSet-0-C-1] o.a.k.c.c.internals.ConsumerCoordinator  : [Consumer clientId=consumer-maestro-kafka-lifecycle-13, groupId=maestro-kafka-lifecycle] Member consumer-maestro-kafka-lifecycle-13-f459a88c-7e42-432e-914e-93017074dc37 sending LeaveGroup request to coordinator localhost:56049 (id: 2147483646 rack: null isFenced: false) due to the consumer unsubscribed from all topics
2026-08-02T17:27:30.209+02:00  INFO 79234 --- [anNameSet-0-C-1] o.a.k.c.c.internals.ConsumerCoordinator  : [Consumer clientId=consumer-maestro-kafka-lifecycle-13, groupId=maestro-kafka-lifecycle] Resetting generation and member id due to: consumer pro-actively leaving the group
2026-08-02T17:27:30.209+02:00  INFO 79234 --- [anNameSet-0-C-1] o.a.k.c.c.internals.ConsumerCoordinator  : [Consumer clientId=consumer-maestro-kafka-lifecycle-13, groupId=maestro-kafka-lifecycle] Request joining group due to: consumer pro-actively leaving the group
2026-08-02T17:27:30.209+02:00  INFO 79234 --- [anNameSet-0-C-1] o.a.k.c.c.i.ClassicKafkaConsumer         : [Consumer clientId=consumer-maestro-kafka-lifecycle-13, groupId=maestro-kafka-lifecycle] Unsubscribed all topics or patterns and assigned partitions
2026-08-02T17:27:30.210+02:00  INFO 79234 --- [anNameSet-0-C-1] o.a.k.c.c.internals.ConsumerCoordinator  : [Consumer clientId=consumer-maestro-kafka-lifecycle-13, groupId=maestro-kafka-lifecycle] Resetting generation and member id due to: consumer pro-actively leaving the group
2026-08-02T17:27:30.210+02:00  INFO 79234 --- [anNameSet-0-C-1] o.a.k.c.c.internals.ConsumerCoordinator  : [Consumer clientId=consumer-maestro-kafka-lifecycle-13, groupId=maestro-kafka-lifecycle] Request joining group due to: consumer pro-actively leaving the group
2026-08-02T17:27:30.258+02:00  INFO 79234 --- [anNameSet-0-C-1] o.apache.kafka.common.metrics.Metrics    : Metrics scheduler closed
2026-08-02T17:27:30.258+02:00  INFO 79234 --- [anNameSet-0-C-1] o.apache.kafka.common.metrics.Metrics    : Closing reporter org.apache.kafka.common.metrics.JmxReporter
2026-08-02T17:27:30.258+02:00  INFO 79234 --- [anNameSet-0-C-1] o.apache.kafka.common.metrics.Metrics    : Closing reporter org.apache.kafka.common.telemetry.internals.ClientTelemetryReporter
2026-08-02T17:27:30.259+02:00  INFO 79234 --- [anNameSet-0-C-1] o.apache.kafka.common.metrics.Metrics    : Metrics reporters closed
2026-08-02T17:27:30.261+02:00  INFO 79234 --- [anNameSet-0-C-1] o.a.kafka.common.utils.AppInfoParser     : App info kafka.consumer for consumer-maestro-kafka-lifecycle-13 unregistered
2026-08-02T17:27:30.261+02:00  INFO 79234 --- [anNameSet-0-C-1] o.s.k.l.KafkaMessageListenerContainer    : maestro-kafka-lifecycle: Consumer stopped
2026-08-02T17:27:30.261+02:00  INFO 79234 --- [ionShutdownHook] com.zaxxer.hikari.HikariDataSource       : HikariPool-4 - Shutdown initiated...
2026-08-02T17:27:30.262+02:00  INFO 79234 --- [ionShutdownHook] com.zaxxer.hikari.HikariDataSource       : HikariPool-4 - Shutdown completed.
2026-08-02T17:27:30.262+02:00  INFO 79234 --- [ionShutdownHook] l.MaestroSignalListenerBeanPostProcessor : Stopping 0 @MaestroSignalListener container(s)
2026-08-02T17:27:30.262+02:00  INFO 79234 --- [ionShutdownHook] i.b.m.core.engine.WorkflowExecutor       : Shutdown already in progress
2026-08-02T17:27:30.262+02:00  INFO 79234 --- [ionShutdownHook] i.b.m.m.kafka.KafkaWorkflowMessaging     : Stopping 1 Kafka listener container(s)
2026-08-02T17:27:30.262+02:00  INFO 79234 --- [anNameSet-0-C-1] k.c.c.i.ConsumerRebalanceListenerInvoker : [Consumer clientId=consumer-maestro-kafka-channel-16, groupId=maestro-kafka-channel] Revoke previously assigned partitions [maestro.signals.kafka-channel-0]
2026-08-02T17:27:30.263+02:00  INFO 79234 --- [anNameSet-0-C-1] s.k.l.ConcurrentMessageListenerContainer : maestro-kafka-channel: partitions revoked: [maestro.signals.kafka-channel-0]
2026-08-02T17:27:30.263+02:00  INFO 79234 --- [anNameSet-0-C-1] o.a.k.c.c.internals.ConsumerCoordinator  : [Consumer clientId=consumer-maestro-kafka-channel-16, groupId=maestro-kafka-channel] Member consumer-maestro-kafka-channel-16-15ae80ce-b900-4bd1-aa22-97aa55c4d3f8 sending LeaveGroup request to coordinator localhost:56049 (id: 2147483646 rack: null isFenced: false) due to the consumer unsubscribed from all topics
2026-08-02T17:27:30.263+02:00  INFO 79234 --- [anNameSet-0-C-1] o.a.k.c.c.internals.ConsumerCoordinator  : [Consumer clientId=consumer-maestro-kafka-channel-16, groupId=maestro-kafka-channel] Resetting generation and member id due to: consumer pro-actively leaving the group
2026-08-02T17:27:30.263+02:00  INFO 79234 --- [anNameSet-0-C-1] o.a.k.c.c.internals.ConsumerCoordinator  : [Consumer clientId=consumer-maestro-kafka-channel-16, groupId=maestro-kafka-channel] Request joining group due to: consumer pro-actively leaving the group
2026-08-02T17:27:30.263+02:00  INFO 79234 --- [anNameSet-0-C-1] o.a.k.c.c.i.ClassicKafkaConsumer         : [Consumer clientId=consumer-maestro-kafka-channel-16, groupId=maestro-kafka-channel] Unsubscribed all topics or patterns and assigned partitions
2026-08-02T17:27:30.263+02:00  INFO 79234 --- [anNameSet-0-C-1] o.a.k.c.c.internals.ConsumerCoordinator  : [Consumer clientId=consumer-maestro-kafka-channel-16, groupId=maestro-kafka-channel] Resetting generation and member id due to: consumer pro-actively leaving the group
2026-08-02T17:27:30.263+02:00  INFO 79234 --- [anNameSet-0-C-1] o.a.k.c.c.internals.ConsumerCoordinator  : [Consumer clientId=consumer-maestro-kafka-channel-16, groupId=maestro-kafka-channel] Request joining group due to: consumer pro-actively leaving the group
2026-08-02T17:27:30.441+02:00  INFO 79234 --- [anNameSet-0-C-1] o.apache.kafka.common.metrics.Metrics    : Metrics scheduler closed
2026-08-02T17:27:30.441+02:00  INFO 79234 --- [anNameSet-0-C-1] o.apache.kafka.common.metrics.Metrics    : Closing reporter org.apache.kafka.common.metrics.JmxReporter
2026-08-02T17:27:30.441+02:00  INFO 79234 --- [anNameSet-0-C-1] o.apache.kafka.common.metrics.Metrics    : Closing reporter org.apache.kafka.common.telemetry.internals.ClientTelemetryReporter
2026-08-02T17:27:30.441+02:00  INFO 79234 --- [anNameSet-0-C-1] o.apache.kafka.common.metrics.Metrics    : Metrics reporters closed
2026-08-02T17:27:30.442+02:00  INFO 79234 --- [anNameSet-0-C-1] o.a.kafka.common.utils.AppInfoParser     : App info kafka.consumer for consumer-maestro-kafka-channel-16 unregistered
2026-08-02T17:27:30.442+02:00  INFO 79234 --- [anNameSet-0-C-1] o.s.k.l.KafkaMessageListenerContainer    : maestro-kafka-channel: Consumer stopped
2026-08-02T17:27:30.442+02:00  INFO 79234 --- [ionShutdownHook] com.zaxxer.hikari.HikariDataSource       : HikariPool-5 - Shutdown initiated...
2026-08-02T17:27:30.443+02:00  INFO 79234 --- [ionShutdownHook] com.zaxxer.hikari.HikariDataSource       : HikariPool-5 - Shutdown completed.
2026-08-02T17:27:30.443+02:00  INFO 79234 --- [ionShutdownHook] l.MaestroSignalListenerBeanPostProcessor : Stopping 0 @MaestroSignalListener container(s)
2026-08-02T17:27:30.443+02:00  INFO 79234 --- [ionShutdownHook] i.b.m.s.config.GracefulShutdownHandler   : Maestro graceful shutdown initiated
2026-08-02T17:27:30.444+02:00  INFO 79234 --- [ionShutdownHook] i.b.maestro.core.engine.TimerPoller      : Timer poller stopped
2026-08-02T17:27:30.444+02:00  INFO 79234 --- [ionShutdownHook] i.b.m.core.engine.WorkflowExecutor       : Shutting down WorkflowExecutor, 0 workflow(s) in-flight
2026-08-02T17:27:30.444+02:00  INFO 79234 --- [ionShutdownHook] i.b.m.core.engine.WorkflowExecutor       : WorkflowExecutor shutdown complete — all workflows finished
2026-08-02T17:27:30.444+02:00  INFO 79234 --- [ionShutdownHook] i.b.m.s.config.GracefulShutdownHandler   : Maestro graceful shutdown complete
2026-08-02T17:27:30.444+02:00  INFO 79234 --- [ionShutdownHook] o.a.k.clients.producer.KafkaProducer     : [Producer clientId=producer-8] Closing the Kafka producer with timeoutMillis = 30000 ms.
2026-08-02T17:27:30.445+02:00  INFO 79234 --- [ionShutdownHook] o.apache.kafka.common.metrics.Metrics    : Metrics scheduler closed
2026-08-02T17:27:30.445+02:00  INFO 79234 --- [ionShutdownHook] o.apache.kafka.common.metrics.Metrics    : Closing reporter org.apache.kafka.common.metrics.JmxReporter
2026-08-02T17:27:30.445+02:00  INFO 79234 --- [ionShutdownHook] o.apache.kafka.common.metrics.Metrics    : Closing reporter org.apache.kafka.common.telemetry.internals.ClientTelemetryReporter
2026-08-02T17:27:30.445+02:00  INFO 79234 --- [ionShutdownHook] o.apache.kafka.common.metrics.Metrics    : Metrics reporters closed
2026-08-02T17:27:30.445+02:00  INFO 79234 --- [ionShutdownHook] o.a.kafka.common.utils.AppInfoParser     : App info kafka.producer for producer-8 unregistered
2026-08-02T17:27:30.445+02:00  INFO 79234 --- [ionShutdownHook] i.b.m.core.engine.WorkflowExecutor       : Shutdown already in progress
2026-08-02T17:27:30.445+02:00  INFO 79234 --- [ionShutdownHook] i.b.m.m.kafka.KafkaWorkflowMessaging     : Stopping 1 Kafka listener container(s)
2026-08-02T17:27:30.447+02:00  INFO 79234 --- [anNameSet-0-C-1] k.c.c.i.ConsumerRebalanceListenerInvoker : [Consumer clientId=consumer-maestro-kafka-roundtrip-18, groupId=maestro-kafka-roundtrip] Revoke previously assigned partitions [maestro.signals.kafka-roundtrip-0]
2026-08-02T17:27:30.447+02:00  INFO 79234 --- [anNameSet-0-C-1] s.k.l.ConcurrentMessageListenerContainer : maestro-kafka-roundtrip: partitions revoked: [maestro.signals.kafka-roundtrip-0]
2026-08-02T17:27:30.447+02:00  INFO 79234 --- [anNameSet-0-C-1] o.a.k.c.c.internals.ConsumerCoordinator  : [Consumer clientId=consumer-maestro-kafka-roundtrip-18, groupId=maestro-kafka-roundtrip] Member consumer-maestro-kafka-roundtrip-18-98e92771-0dfd-456f-8b59-cac239b4eb9c sending LeaveGroup request to coordinator localhost:56049 (id: 2147483646 rack: null isFenced: false) due to the consumer unsubscribed from all topics
2026-08-02T17:27:30.447+02:00  INFO 79234 --- [anNameSet-0-C-1] o.a.k.c.c.internals.ConsumerCoordinator  : [Consumer clientId=consumer-maestro-kafka-roundtrip-18, groupId=maestro-kafka-roundtrip] Resetting generation and member id due to: consumer pro-actively leaving the group
2026-08-02T17:27:30.447+02:00  INFO 79234 --- [anNameSet-0-C-1] o.a.k.c.c.internals.ConsumerCoordinator  : [Consumer clientId=consumer-maestro-kafka-roundtrip-18, groupId=maestro-kafka-roundtrip] Request joining group due to: consumer pro-actively leaving the group
2026-08-02T17:27:30.447+02:00  INFO 79234 --- [anNameSet-0-C-1] o.a.k.c.c.i.ClassicKafkaConsumer         : [Consumer clientId=consumer-maestro-kafka-roundtrip-18, groupId=maestro-kafka-roundtrip] Unsubscribed all topics or patterns and assigned partitions
2026-08-02T17:27:30.448+02:00  INFO 79234 --- [anNameSet-0-C-1] o.a.k.c.c.internals.ConsumerCoordinator  : [Consumer clientId=consumer-maestro-kafka-roundtrip-18, groupId=maestro-kafka-roundtrip] Resetting generation and member id due to: consumer pro-actively leaving the group
2026-08-02T17:27:30.448+02:00  INFO 79234 --- [anNameSet-0-C-1] o.a.k.c.c.internals.ConsumerCoordinator  : [Consumer clientId=consumer-maestro-kafka-roundtrip-18, groupId=maestro-kafka-roundtrip] Request joining group due to: consumer pro-actively leaving the group
2026-08-02T17:27:30.546+02:00  INFO 79234 --- [anNameSet-0-C-1] o.apache.kafka.common.metrics.Metrics    : Metrics scheduler closed
2026-08-02T17:27:30.546+02:00  INFO 79234 --- [anNameSet-0-C-1] o.apache.kafka.common.metrics.Metrics    : Closing reporter org.apache.kafka.common.metrics.JmxReporter
2026-08-02T17:27:30.546+02:00  INFO 79234 --- [anNameSet-0-C-1] o.apache.kafka.common.metrics.Metrics    : Closing reporter org.apache.kafka.common.telemetry.internals.ClientTelemetryReporter
2026-08-02T17:27:30.546+02:00  INFO 79234 --- [anNameSet-0-C-1] o.apache.kafka.common.metrics.Metrics    : Metrics reporters closed
2026-08-02T17:27:30.547+02:00  INFO 79234 --- [anNameSet-0-C-1] o.a.kafka.common.utils.AppInfoParser     : App info kafka.consumer for consumer-maestro-kafka-roundtrip-18 unregistered
2026-08-02T17:27:30.547+02:00  INFO 79234 --- [anNameSet-0-C-1] o.s.k.l.KafkaMessageListenerContainer    : maestro-kafka-roundtrip: Consumer stopped
2026-08-02T17:27:30.547+02:00  INFO 79234 --- [ionShutdownHook] com.zaxxer.hikari.HikariDataSource       : HikariPool-6 - Shutdown initiated...
2026-08-02T17:27:30.547+02:00  INFO 79234 --- [ionShutdownHook] com.zaxxer.hikari.HikariDataSource       : HikariPool-6 - Shutdown completed.
2026-08-02T17:27:30.547+02:00  INFO 79234 --- [ionShutdownHook] l.MaestroSignalListenerBeanPostProcessor : Stopping 1 @MaestroSignalListener container(s)
2026-08-02T17:27:30.547+02:00  INFO 79234 --- [anNameSet-0-C-1] k.c.c.i.ConsumerRebalanceListenerInvoker : [Consumer clientId=consumer-maestro-kafka-roundtrip-17, groupId=maestro-kafka-roundtrip] Revoke previously assigned partitions [it.roundtrip.approvals-0]
2026-08-02T17:27:30.548+02:00  INFO 79234 --- [anNameSet-0-C-1] s.k.l.ConcurrentMessageListenerContainer : maestro-kafka-roundtrip: partitions revoked: [it.roundtrip.approvals-0]
2026-08-02T17:27:30.548+02:00  INFO 79234 --- [anNameSet-0-C-1] o.a.k.c.c.internals.ConsumerCoordinator  : [Consumer clientId=consumer-maestro-kafka-roundtrip-17, groupId=maestro-kafka-roundtrip] Member consumer-maestro-kafka-roundtrip-17-cbc33929-0cc4-4433-be23-5e54d638b85c sending LeaveGroup request to coordinator localhost:56049 (id: 2147483646 rack: null isFenced: false) due to the consumer unsubscribed from all topics
2026-08-02T17:27:30.548+02:00  INFO 79234 --- [anNameSet-0-C-1] o.a.k.c.c.internals.ConsumerCoordinator  : [Consumer clientId=consumer-maestro-kafka-roundtrip-17, groupId=maestro-kafka-roundtrip] Resetting generation and member id due to: consumer pro-actively leaving the group
2026-08-02T17:27:30.548+02:00  INFO 79234 --- [anNameSet-0-C-1] o.a.k.c.c.internals.ConsumerCoordinator  : [Consumer clientId=consumer-maestro-kafka-roundtrip-17, groupId=maestro-kafka-roundtrip] Request joining group due to: consumer pro-actively leaving the group
2026-08-02T17:27:30.548+02:00  INFO 79234 --- [anNameSet-0-C-1] o.a.k.c.c.i.ClassicKafkaConsumer         : [Consumer clientId=consumer-maestro-kafka-roundtrip-17, groupId=maestro-kafka-roundtrip] Unsubscribed all topics or patterns and assigned partitions
2026-08-02T17:27:30.548+02:00  INFO 79234 --- [anNameSet-0-C-1] o.a.k.c.c.internals.ConsumerCoordinator  : [Consumer clientId=consumer-maestro-kafka-roundtrip-17, groupId=maestro-kafka-roundtrip] Resetting generation and member id due to: consumer pro-actively leaving the group
2026-08-02T17:27:30.548+02:00  INFO 79234 --- [anNameSet-0-C-1] o.a.k.c.c.internals.ConsumerCoordinator  : [Consumer clientId=consumer-maestro-kafka-roundtrip-17, groupId=maestro-kafka-roundtrip] Request joining group due to: consumer pro-actively leaving the group
2026-08-02T17:27:31.055+02:00  INFO 79234 --- [anNameSet-0-C-1] o.apache.kafka.common.metrics.Metrics    : Metrics scheduler closed
2026-08-02T17:27:31.055+02:00  INFO 79234 --- [anNameSet-0-C-1] o.apache.kafka.common.metrics.Metrics    : Closing reporter org.apache.kafka.common.metrics.JmxReporter
2026-08-02T17:27:31.055+02:00  INFO 79234 --- [anNameSet-0-C-1] o.apache.kafka.common.metrics.Metrics    : Closing reporter org.apache.kafka.common.telemetry.internals.ClientTelemetryReporter
2026-08-02T17:27:31.055+02:00  INFO 79234 --- [anNameSet-0-C-1] o.apache.kafka.common.metrics.Metrics    : Metrics reporters closed
2026-08-02T17:27:31.057+02:00  INFO 79234 --- [anNameSet-0-C-1] o.a.kafka.common.utils.AppInfoParser     : App info kafka.consumer for consumer-maestro-kafka-roundtrip-17 unregistered
2026-08-02T17:27:31.057+02:00  INFO 79234 --- [anNameSet-0-C-1] o.s.k.l.KafkaMessageListenerContainer    : maestro-kafka-roundtrip: Consumer stopped

> Task :maestro-integration-tests:check
> Task :maestro-integration-tests:build

BUILD SUCCESSFUL in 1m 41s
134 actionable tasks: 35 executed, 99 up-to-date
Consider enabling configuration cache to speed up this build: https://docs.gradle.org/9.2.0/userguide/configuration_cache_enabling.html
